// Jest Snapshot v1, https://goo.gl/fbAQLP

exports[`[Accordion] render test should operate animation when isAnimated is true 1`] = `
<View
  pointerEvents="box-none"
  style={
    Object {
      "flex": 1,
    }
  }
>
  <View
    collapsable={true}
    pointerEvents="box-none"
    style={
      Object {
        "flex": 1,
      }
    }
  >
    <View
      style={
        Array [
          Object {
            "alignItems": "center",
            "flexDirection": "column",
          },
        ]
      }
    >
      <View
        style={
          Array [
            Object {
              "backgroundColor": "transparent",
              "overflow": "hidden",
              "width": 300,
            },
          ]
        }
      >
        <
          style={
            Array [
              Object {
                "alignItems": "center",
                "backgroundColor": "#141414",
                "borderBottomColor": "white",
                "borderBottomWidth": 1,
                "flexDirection": "row",
                "height": 50,
                "justifyContent": "space-between",
                "paddingLeft": 40,
                "paddingRight": 20,
                "zIndex": 10,
              },
            ]
          }
          testID="itemTitle_0"
        >
          <View />
          <Text
            style={
              Object {
                "color": "#FFFFFF",
                "fontWeight": "bold",
              }
            }
          >
            test data1
          </Text>
          <View
            style={false}
          >
            <RNSVGSvgView
              align="xMidYMid"
              bbHeight="20"
              bbWidth="20"
              focusable={false}
              height="20"
              meetOrSlice={0}
              minX={0}
              minY={0}
              style={
                Array [
                  Object {
                    "backgroundColor": "transparent",
                    "borderWidth": 0,
                  },
                  Object {
                    "flex": 0,
                    "height": 20,
                    "width": 20,
                  },
                ]
              }
              vbHeight={20}
              vbWidth={20}
              width="20"
            >
              <RNSVGGroup>
                <RNSVGLine
                  propList={
                    Array [
                      "stroke",
                      "strokeWidth",
                      "strokeLinecap",
                    ]
                  }
                  stroke={4294967295}
                  strokeLinecap={1}
                  strokeWidth="1.5"
                  x1={5}
                  x2={10}
                  y1={7}
                  y2={12}
                />
                <RNSVGLine
                  propList={
                    Array [
                      "stroke",
                      "strokeWidth",
                      "strokeLinecap",
                    ]
                  }
                  stroke={4294967295}
                  strokeLinecap={1}
                  strokeWidth="1.5"
                  x1={10}
                  x2={15}
                  y1={12}
                  y2={7}
                />
              </RNSVGGroup>
            </RNSVGSvgView>
          </View>
        </>
        <View
          style={
            Object {
              "height": undefined,
            }
          }
        >
          <View
            style={
              Object {
                "transform": Array [
                  Object {
                    "translateY": 0,
                  },
                ],
              }
            }
            testID="itemBody_0"
          >
            <View
              style={
                Array [
                  Object {
                    "alignItems": "center",
                    "borderBottomColor": "lightgray",
                    "borderBottomWidth": 1,
                    "flexDirection": "row",
                    "justifyContent": "flex-start",
                    "paddingBottom": 20,
                    "paddingLeft": 40,
                    "paddingRight": 40,
                    "paddingTop": 20,
                    "width": "100%",
                  },
                ]
              }
            >
              <View />
              <Text
                style={
                  Object {
                    "color": "#141414",
                    "fontWeight": "bold",
                  }
                }
              >
                test data
              </Text>
            </View>
            <View
              style={
                Array [
                  Object {
                    "alignItems": "center",
                    "borderBottomColor": "lightgray",
                    "borderBottomWidth": 1,
                    "flexDirection": "row",
                    "justifyContent": "flex-start",
                    "paddingBottom": 20,
                    "paddingLeft": 40,
                    "paddingRight": 40,
                    "paddingTop": 20,
                    "width": "100%",
                  },
                ]
              }
            >
              <View />
              <Text
                style={
                  Object {
                    "color": "#141414",
                    "fontWeight": "bold",
                  }
                }
              >
                test data
              </Text>
            </View>
            <View
              style={
                Array [
                  Object {
                    "alignItems": "center",
                    "borderBottomColor": "lightgray",
                    "borderBottomWidth": 1,
                    "flexDirection": "row",
                    "justifyContent": "flex-start",
                    "paddingBottom": 20,
                    "paddingLeft": 40,
                    "paddingRight": 40,
                    "paddingTop": 20,
                    "width": "100%",
                  },
                ]
              }
            >
              <View />
              <Text
                style={
                  Object {
                    "color": "#141414",
                    "fontWeight": "bold",
                  }
                }
              >
                test data
              </Text>
            </View>
          </View>
        </View>
      </View>
      <View
        style={
          Array [
            Object {
              "backgroundColor": "transparent",
              "overflow": "hidden",
              "width": 300,
            },
          ]
        }
      >
        <
          style={
            Array [
              Object {
                "alignItems": "center",
                "backgroundColor": "#141414",
                "borderBottomColor": "white",
                "borderBottomWidth": 1,
                "flexDirection": "row",
                "height": 50,
                "justifyContent": "space-between",
                "paddingLeft": 40,
                "paddingRight": 20,
                "zIndex": 10,
              },
            ]
          }
          testID="itemTitle_1"
        >
          <View />
          <Text
            style={
              Object {
                "color": "#FFFFFF",
                "fontWeight": "bold",
              }
            }
          >
            test data2
          </Text>
          <View
            style={false}
          >
            <RNSVGSvgView
              align="xMidYMid"
              bbHeight="20"
              bbWidth="20"
              focusable={false}
              height="20"
              meetOrSlice={0}
              minX={0}
              minY={0}
              style={
                Array [
                  Object {
                    "backgroundColor": "transparent",
                    "borderWidth": 0,
                  },
                  Object {
                    "flex": 0,
                    "height": 20,
                    "width": 20,
                  },
                ]
              }
              vbHeight={20}
              vbWidth={20}
              width="20"
            >
              <RNSVGGroup>
                <RNSVGLine
                  propList={
                    Array [
                      "stroke",
                      "strokeWidth",
                      "strokeLinecap",
                    ]
                  }
                  stroke={4294967295}
                  strokeLinecap={1}
                  strokeWidth="1.5"
                  x1={5}
                  x2={10}
                  y1={7}
                  y2={12}
                />
                <RNSVGLine
                  propList={
                    Array [
                      "stroke",
                      "strokeWidth",
                      "strokeLinecap",
                    ]
                  }
                  stroke={4294967295}
                  strokeLinecap={1}
                  strokeWidth="1.5"
                  x1={10}
                  x2={15}
                  y1={12}
                  y2={7}
                />
              </RNSVGGroup>
            </RNSVGSvgView>
          </View>
        </>
        <View
          style={
            Object {
              "height": undefined,
            }
          }
        >
          <View
            style={
              Object {
                "transform": Array [
                  Object {
                    "translateY": 0,
                  },
                ],
              }
            }
            testID="itemBody_1"
          >
            <View
              style={
                Array [
                  Object {
                    "alignItems": "center",
                    "borderBottomColor": "lightgray",
                    "borderBottomWidth": 1,
                    "flexDirection": "row",
                    "justifyContent": "flex-start",
                    "paddingBottom": 20,
                    "paddingLeft": 40,
                    "paddingRight": 40,
                    "paddingTop": 20,
                    "width": "100%",
                  },
                ]
              }
            >
              <View />
              <Text
                style={
                  Object {
                    "color": "#141414",
                    "fontWeight": "bold",
                  }
                }
              >
                test data
              </Text>
            </View>
            <View
              style={
                Array [
                  Object {
                    "alignItems": "center",
                    "borderBottomColor": "lightgray",
                    "borderBottomWidth": 1,
                    "flexDirection": "row",
                    "justifyContent": "flex-start",
                    "paddingBottom": 20,
                    "paddingLeft": 40,
                    "paddingRight": 40,
                    "paddingTop": 20,
                    "width": "100%",
                  },
                ]
              }
            >
              <View />
              <Text
                style={
                  Object {
                    "color": "#141414",
                    "fontWeight": "bold",
                  }
                }
              >
                test data
              </Text>
            </View>
            <View
              style={
                Array [
                  Object {
                    "alignItems": "center",
                    "borderBottomColor": "lightgray",
                    "borderBottomWidth": 1,
                    "flexDirection": "row",
                    "justifyContent": "flex-start",
                    "paddingBottom": 20,
                    "paddingLeft": 40,
                    "paddingRight": 40,
                    "paddingTop": 20,
                    "width": "100%",
                  },
                ]
              }
            >
              <View />
              <Text
                style={
                  Object {
                    "color": "#141414",
                    "fontWeight": "bold",
                  }
                }
              >
                test data
              </Text>
            </View>
            <View
              style={
                Array [
                  Object {
                    "alignItems": "center",
                    "borderBottomColor": "lightgray",
                    "borderBottomWidth": 1,
                    "flexDirection": "row",
                    "justifyContent": "flex-start",
                    "paddingBottom": 20,
                    "paddingLeft": 40,
                    "paddingRight": 40,
                    "paddingTop": 20,
                    "width": "100%",
                  },
                ]
              }
            >
              <View />
              <Text
                style={
                  Object {
                    "color": "#141414",
                    "fontWeight": "bold",
                  }
                }
              >
                test data
              </Text>
            </View>
          </View>
        </View>
      </View>
    </View>
  </View>
</View>
`;

exports[`[Accordion] render test should render collapsed when collapsedWhenRendered props is false 1`] = `
<View
  pointerEvents="box-none"
  style={
    Object {
      "flex": 1,
    }
  }
>
  <View
    collapsable={true}
    pointerEvents="box-none"
    style={
      Object {
        "flex": 1,
      }
    }
  >
    <View
      style={
        Array [
          Object {
            "alignItems": "center",
            "flexDirection": "column",
          },
        ]
      }
    >
      <View
        style={
          Array [
            Object {
              "backgroundColor": "transparent",
              "overflow": "hidden",
              "width": 300,
            },
          ]
        }
      >
        <
          style={
            Array [
              Object {
                "alignItems": "center",
                "backgroundColor": "#141414",
                "borderBottomColor": "white",
                "borderBottomWidth": 1,
                "flexDirection": "row",
                "height": 50,
                "justifyContent": "space-between",
                "paddingLeft": 40,
                "paddingRight": 20,
                "zIndex": 10,
              },
            ]
          }
          testID="itemTitle_0"
        >
          <View />
          <Text
            style={
              Object {
                "color": "#FFFFFF",
                "fontWeight": "bold",
              }
            }
          >
            test data1
          </Text>
          <View
            style={false}
          >
            <RNSVGSvgView
              align="xMidYMid"
              bbHeight="20"
              bbWidth="20"
              focusable={false}
              height="20"
              meetOrSlice={0}
              minX={0}
              minY={0}
              style={
                Array [
                  Object {
                    "backgroundColor": "transparent",
                    "borderWidth": 0,
                  },
                  Object {
                    "flex": 0,
                    "height": 20,
                    "width": 20,
                  },
                ]
              }
              vbHeight={20}
              vbWidth={20}
              width="20"
            >
              <RNSVGGroup>
                <RNSVGLine
                  propList={
                    Array [
                      "stroke",
                      "strokeWidth",
                      "strokeLinecap",
                    ]
                  }
                  stroke={4294967295}
                  strokeLinecap={1}
                  strokeWidth="1.5"
                  x1={5}
                  x2={10}
                  y1={7}
                  y2={12}
                />
                <RNSVGLine
                  propList={
                    Array [
                      "stroke",
                      "strokeWidth",
                      "strokeLinecap",
                    ]
                  }
                  stroke={4294967295}
                  strokeLinecap={1}
                  strokeWidth="1.5"
                  x1={10}
                  x2={15}
                  y1={12}
                  y2={7}
                />
              </RNSVGGroup>
            </RNSVGSvgView>
          </View>
        </>
        <View
          style={
            Object {
              "height": undefined,
            }
          }
        >
          <View
            style={
              Object {
                "transform": Array [
                  Object {
                    "translateY": 0,
                  },
                ],
              }
            }
            testID="itemBody_0"
          >
            <View
              style={
                Array [
                  Object {
                    "alignItems": "center",
                    "borderBottomColor": "lightgray",
                    "borderBottomWidth": 1,
                    "flexDirection": "row",
                    "justifyContent": "flex-start",
                    "paddingBottom": 20,
                    "paddingLeft": 40,
                    "paddingRight": 40,
                    "paddingTop": 20,
                    "width": "100%",
                  },
                ]
              }
            >
              <View />
              <Text
                style={
                  Object {
                    "color": "#141414",
                    "fontWeight": "bold",
                  }
                }
              >
                test data
              </Text>
            </View>
            <View
              style={
                Array [
                  Object {
                    "alignItems": "center",
                    "borderBottomColor": "lightgray",
                    "borderBottomWidth": 1,
                    "flexDirection": "row",
                    "justifyContent": "flex-start",
                    "paddingBottom": 20,
                    "paddingLeft": 40,
                    "paddingRight": 40,
                    "paddingTop": 20,
                    "width": "100%",
                  },
                ]
              }
            >
              <View />
              <Text
                style={
                  Object {
                    "color": "#141414",
                    "fontWeight": "bold",
                  }
                }
              >
                test data
              </Text>
            </View>
            <View
              style={
                Array [
                  Object {
                    "alignItems": "center",
                    "borderBottomColor": "lightgray",
                    "borderBottomWidth": 1,
                    "flexDirection": "row",
                    "justifyContent": "flex-start",
                    "paddingBottom": 20,
                    "paddingLeft": 40,
                    "paddingRight": 40,
                    "paddingTop": 20,
                    "width": "100%",
                  },
                ]
              }
            >
              <View />
              <Text
                style={
                  Object {
                    "color": "#141414",
                    "fontWeight": "bold",
                  }
                }
              >
                test data
              </Text>
            </View>
          </View>
        </View>
      </View>
      <View
        style={
          Array [
            Object {
              "backgroundColor": "transparent",
              "overflow": "hidden",
              "width": 300,
            },
          ]
        }
      >
        <
          style={
            Array [
              Object {
                "alignItems": "center",
                "backgroundColor": "#141414",
                "borderBottomColor": "white",
                "borderBottomWidth": 1,
                "flexDirection": "row",
                "height": 50,
                "justifyContent": "space-between",
                "paddingLeft": 40,
                "paddingRight": 20,
                "zIndex": 10,
              },
            ]
          }
          testID="itemTitle_1"
        >
          <View />
          <Text
            style={
              Object {
                "color": "#FFFFFF",
                "fontWeight": "bold",
              }
            }
          >
            test data2
          </Text>
          <View
            style={false}
          >
            <RNSVGSvgView
              align="xMidYMid"
              bbHeight="20"
              bbWidth="20"
              focusable={false}
              height="20"
              meetOrSlice={0}
              minX={0}
              minY={0}
              style={
                Array [
                  Object {
                    "backgroundColor": "transparent",
                    "borderWidth": 0,
                  },
                  Object {
                    "flex": 0,
                    "height": 20,
                    "width": 20,
                  },
                ]
              }
              vbHeight={20}
              vbWidth={20}
              width="20"
            >
              <RNSVGGroup>
                <RNSVGLine
                  propList={
                    Array [
                      "stroke",
                      "strokeWidth",
                      "strokeLinecap",
                    ]
                  }
                  stroke={4294967295}
                  strokeLinecap={1}
                  strokeWidth="1.5"
                  x1={5}
                  x2={10}
                  y1={7}
                  y2={12}
                />
                <RNSVGLine
                  propList={
                    Array [
                      "stroke",
                      "strokeWidth",
                      "strokeLinecap",
                    ]
                  }
                  stroke={4294967295}
                  strokeLinecap={1}
                  strokeWidth="1.5"
                  x1={10}
                  x2={15}
                  y1={12}
                  y2={7}
                />
              </RNSVGGroup>
            </RNSVGSvgView>
          </View>
        </>
        <View
          style={
            Object {
              "height": undefined,
            }
          }
        >
          <View
            style={
              Object {
                "transform": Array [
                  Object {
                    "translateY": 0,
                  },
                ],
              }
            }
            testID="itemBody_1"
          >
            <View
              style={
                Array [
                  Object {
                    "alignItems": "center",
                    "borderBottomColor": "lightgray",
                    "borderBottomWidth": 1,
                    "flexDirection": "row",
                    "justifyContent": "flex-start",
                    "paddingBottom": 20,
                    "paddingLeft": 40,
                    "paddingRight": 40,
                    "paddingTop": 20,
                    "width": "100%",
                  },
                ]
              }
            >
              <View />
              <Text
                style={
                  Object {
                    "color": "#141414",
                    "fontWeight": "bold",
                  }
                }
              >
                test data
              </Text>
            </View>
            <View
              style={
                Array [
                  Object {
                    "alignItems": "center",
                    "borderBottomColor": "lightgray",
                    "borderBottomWidth": 1,
                    "flexDirection": "row",
                    "justifyContent": "flex-start",
                    "paddingBottom": 20,
                    "paddingLeft": 40,
                    "paddingRight": 40,
                    "paddingTop": 20,
                    "width": "100%",
                  },
                ]
              }
            >
              <View />
              <Text
                style={
                  Object {
                    "color": "#141414",
                    "fontWeight": "bold",
                  }
                }
              >
                test data
              </Text>
            </View>
            <View
              style={
                Array [
                  Object {
                    "alignItems": "center",
                    "borderBottomColor": "lightgray",
                    "borderBottomWidth": 1,
                    "flexDirection": "row",
                    "justifyContent": "flex-start",
                    "paddingBottom": 20,
                    "paddingLeft": 40,
                    "paddingRight": 40,
                    "paddingTop": 20,
                    "width": "100%",
                  },
                ]
              }
            >
              <View />
              <Text
                style={
                  Object {
                    "color": "#141414",
                    "fontWeight": "bold",
                  }
                }
              >
                test data
              </Text>
            </View>
            <View
              style={
                Array [
                  Object {
                    "alignItems": "center",
                    "borderBottomColor": "lightgray",
                    "borderBottomWidth": 1,
                    "flexDirection": "row",
                    "justifyContent": "flex-start",
                    "paddingBottom": 20,
                    "paddingLeft": 40,
                    "paddingRight": 40,
                    "paddingTop": 20,
                    "width": "100%",
                  },
                ]
              }
            >
              <View />
              <Text
                style={
                  Object {
                    "color": "#141414",
                    "fontWeight": "bold",
                  }
                }
              >
                test data
              </Text>
            </View>
          </View>
        </View>
      </View>
    </View>
  </View>
</View>
`;

exports[`[Accordion] render test should render without crasing 1`] = `
<View
  pointerEvents="box-none"
  style={
    Object {
      "flex": 1,
    }
  }
>
  <View
    collapsable={true}
    pointerEvents="box-none"
    style={
      Object {
        "flex": 1,
      }
    }
  >
    <View
      style={
        Array [
          Object {
            "alignItems": "center",
            "flexDirection": "column",
          },
        ]
      }
    >
      <View
        style={
          Array [
            Object {
              "backgroundColor": "transparent",
              "overflow": "hidden",
              "width": 300,
            },
          ]
        }
      >
        <
          style={
            Array [
              Object {
                "alignItems": "center",
                "backgroundColor": "#141414",
                "borderBottomColor": "white",
                "borderBottomWidth": 1,
                "flexDirection": "row",
                "height": 50,
                "justifyContent": "space-between",
                "paddingLeft": 40,
                "paddingRight": 20,
                "zIndex": 10,
              },
            ]
          }
          testID="itemTitle_0"
        >
          <View />
          <Text
            style={
              Object {
                "color": "#FFFFFF",
                "fontWeight": "bold",
              }
            }
          >
            test data1
          </Text>
          <View
            style={false}
          >
            <RNSVGSvgView
              align="xMidYMid"
              bbHeight="20"
              bbWidth="20"
              focusable={false}
              height="20"
              meetOrSlice={0}
              minX={0}
              minY={0}
              style={
                Array [
                  Object {
                    "backgroundColor": "transparent",
                    "borderWidth": 0,
                  },
                  Object {
                    "flex": 0,
                    "height": 20,
                    "width": 20,
                  },
                ]
              }
              vbHeight={20}
              vbWidth={20}
              width="20"
            >
              <RNSVGGroup>
                <RNSVGLine
                  propList={
                    Array [
                      "stroke",
                      "strokeWidth",
                      "strokeLinecap",
                    ]
                  }
                  stroke={4294967295}
                  strokeLinecap={1}
                  strokeWidth="1.5"
                  x1={5}
                  x2={10}
                  y1={7}
                  y2={12}
                />
                <RNSVGLine
                  propList={
                    Array [
                      "stroke",
                      "strokeWidth",
                      "strokeLinecap",
                    ]
                  }
                  stroke={4294967295}
                  strokeLinecap={1}
                  strokeWidth="1.5"
                  x1={10}
                  x2={15}
                  y1={12}
                  y2={7}
                />
              </RNSVGGroup>
            </RNSVGSvgView>
          </View>
        </>
        <View
          style={
            Object {
              "height": undefined,
            }
          }
        >
          <View
            style={
              Object {
                "transform": Array [
                  Object {
                    "translateY": 0,
                  },
                ],
              }
            }
            testID="itemBody_0"
          >
            <View
              style={
                Array [
                  Object {
                    "alignItems": "center",
                    "borderBottomColor": "lightgray",
                    "borderBottomWidth": 1,
                    "flexDirection": "row",
                    "justifyContent": "flex-start",
                    "paddingBottom": 20,
                    "paddingLeft": 40,
                    "paddingRight": 40,
                    "paddingTop": 20,
                    "width": "100%",
                  },
                ]
              }
            >
              <View />
              <Text
                style={
                  Object {
                    "color": "#141414",
                    "fontWeight": "bold",
                  }
                }
              >
                test data
              </Text>
            </View>
            <View
              style={
                Array [
                  Object {
                    "alignItems": "center",
                    "borderBottomColor": "lightgray",
                    "borderBottomWidth": 1,
                    "flexDirection": "row",
                    "justifyContent": "flex-start",
                    "paddingBottom": 20,
                    "paddingLeft": 40,
                    "paddingRight": 40,
                    "paddingTop": 20,
                    "width": "100%",
                  },
                ]
              }
            >
              <View />
              <Text
                style={
                  Object {
                    "color": "#141414",
                    "fontWeight": "bold",
                  }
                }
              >
                test data
              </Text>
            </View>
            <View
              style={
                Array [
                  Object {
                    "alignItems": "center",
                    "borderBottomColor": "lightgray",
                    "borderBottomWidth": 1,
                    "flexDirection": "row",
                    "justifyContent": "flex-start",
                    "paddingBottom": 20,
                    "paddingLeft": 40,
                    "paddingRight": 40,
                    "paddingTop": 20,
                    "width": "100%",
                  },
                ]
              }
            >
              <View />
              <Text
                style={
                  Object {
                    "color": "#141414",
                    "fontWeight": "bold",
                  }
                }
              >
                test data
              </Text>
            </View>
          </View>
        </View>
      </View>
      <View
        style={
          Array [
            Object {
              "backgroundColor": "transparent",
              "overflow": "hidden",
              "width": 300,
            },
          ]
        }
      >
        <
          style={
            Array [
              Object {
                "alignItems": "center",
                "backgroundColor": "#141414",
                "borderBottomColor": "white",
                "borderBottomWidth": 1,
                "flexDirection": "row",
                "height": 50,
                "justifyContent": "space-between",
                "paddingLeft": 40,
                "paddingRight": 20,
                "zIndex": 10,
              },
            ]
          }
          testID="itemTitle_1"
        >
          <View />
          <Text
            style={
              Object {
                "color": "#FFFFFF",
                "fontWeight": "bold",
              }
            }
          >
            test data2
          </Text>
          <View
            style={false}
          >
            <RNSVGSvgView
              align="xMidYMid"
              bbHeight="20"
              bbWidth="20"
              focusable={false}
              height="20"
              meetOrSlice={0}
              minX={0}
              minY={0}
              style={
                Array [
                  Object {
                    "backgroundColor": "transparent",
                    "borderWidth": 0,
                  },
                  Object {
                    "flex": 0,
                    "height": 20,
                    "width": 20,
                  },
                ]
              }
              vbHeight={20}
              vbWidth={20}
              width="20"
            >
              <RNSVGGroup>
                <RNSVGLine
                  propList={
                    Array [
                      "stroke",
                      "strokeWidth",
                      "strokeLinecap",
                    ]
                  }
                  stroke={4294967295}
                  strokeLinecap={1}
                  strokeWidth="1.5"
                  x1={5}
                  x2={10}
                  y1={7}
                  y2={12}
                />
                <RNSVGLine
                  propList={
                    Array [
                      "stroke",
                      "strokeWidth",
                      "strokeLinecap",
                    ]
                  }
                  stroke={4294967295}
                  strokeLinecap={1}
                  strokeWidth="1.5"
                  x1={10}
                  x2={15}
                  y1={12}
                  y2={7}
                />
              </RNSVGGroup>
            </RNSVGSvgView>
          </View>
        </>
        <View
          style={
            Object {
              "height": undefined,
            }
          }
        >
          <View
            style={
              Object {
                "transform": Array [
                  Object {
                    "translateY": 0,
                  },
                ],
              }
            }
            testID="itemBody_1"
          >
            <View
              style={
                Array [
                  Object {
                    "alignItems": "center",
                    "borderBottomColor": "lightgray",
                    "borderBottomWidth": 1,
                    "flexDirection": "row",
                    "justifyContent": "flex-start",
                    "paddingBottom": 20,
                    "paddingLeft": 40,
                    "paddingRight": 40,
                    "paddingTop": 20,
                    "width": "100%",
                  },
                ]
              }
            >
              <View />
              <Text
                style={
                  Object {
                    "color": "#141414",
                    "fontWeight": "bold",
                  }
                }
              >
                test data
              </Text>
            </View>
            <View
              style={
                Array [
                  Object {
                    "alignItems": "center",
                    "borderBottomColor": "lightgray",
                    "borderBottomWidth": 1,
                    "flexDirection": "row",
                    "justifyContent": "flex-start",
                    "paddingBottom": 20,
                    "paddingLeft": 40,
                    "paddingRight": 40,
                    "paddingTop": 20,
                    "width": "100%",
                  },
                ]
              }
            >
              <View />
              <Text
                style={
                  Object {
                    "color": "#141414",
                    "fontWeight": "bold",
                  }
                }
              >
                test data
              </Text>
            </View>
            <View
              style={
                Array [
                  Object {
                    "alignItems": "center",
                    "borderBottomColor": "lightgray",
                    "borderBottomWidth": 1,
                    "flexDirection": "row",
                    "justifyContent": "flex-start",
                    "paddingBottom": 20,
                    "paddingLeft": 40,
                    "paddingRight": 40,
                    "paddingTop": 20,
                    "width": "100%",
                  },
                ]
              }
            >
              <View />
              <Text
                style={
                  Object {
                    "color": "#141414",
                    "fontWeight": "bold",
                  }
                }
              >
                test data
              </Text>
            </View>
            <View
              style={
                Array [
                  Object {
                    "alignItems": "center",
                    "borderBottomColor": "lightgray",
                    "borderBottomWidth": 1,
                    "flexDirection": "row",
                    "justifyContent": "flex-start",
                    "paddingBottom": 20,
                    "paddingLeft": 40,
                    "paddingRight": 40,
                    "paddingTop": 20,
                    "width": "100%",
                  },
                ]
              }
            >
              <View />
              <Text
                style={
                  Object {
                    "color": "#141414",
                    "fontWeight": "bold",
                  }
                }
              >
                test data
              </Text>
            </View>
          </View>
        </View>
      </View>
    </View>
  </View>
</View>
`;
