// Jest Snapshot v1, https://goo.gl/fbAQLP

exports[`[ButtonGroup] render renders without crashing 1`] = `
<View
  style={
    Object {
      "alignItems": "center",
      "alignSelf": "stretch",
      "backgroundColor": "transparent",
      "borderColor": "rgb(62,126,255)",
      "borderWidth": 1,
      "flexDirection": "row",
      "height": 32,
      "justifyContent": "center",
      "marginTop": 24,
    }
  }
>
  <TouchableOpacity
    activeOpacity={0.2}
    onPress={[Function]}
    style={
      Object {
        "flex": 1,
      }
    }
    testID="CHILD_0"
  >
    <View
      style={
        Object {
          "alignItems": "center",
          "alignSelf": "stretch",
          "backgroundColor": "rgb(62,126,255)",
          "borderColor": "rgb(62,126,255)",
          "borderRightWidth": 1,
          "height": 30,
          "justifyContent": "center",
        }
      }
    >
      <Text
        style={
          Object {
            "alignSelf": "center",
            "color": "white",
            "fontSize": 14,
            "textAlign": "center",
          }
        }
      >
        option 1
      </Text>
    </View>
  </TouchableOpacity>
  <TouchableOpacity
    activeOpacity={0.2}
    onPress={[Function]}
    style={
      Object {
        "flex": 1,
      }
    }
    testID="CHILD_1"
  >
    <View
      style={
        Object {
          "alignItems": "center",
          "alignSelf": "stretch",
          "backgroundColor": "white",
          "borderColor": "rgb(62,126,255)",
          "height": 30,
          "justifyContent": "center",
        }
      }
    >
      <Text
        style={
          Object {
            "alignSelf": "center",
            "color": "rgb(62,126,255)",
            "fontSize": 14,
            "textAlign": "center",
          }
        }
      >
        option 2
      </Text>
    </View>
  </TouchableOpacity>
</View>
`;
