// Jest Snapshot v1, https://goo.gl/fbAQLP

exports[`[Calendar] should render without crashing 1`] = `
<View
  style={
    Object {
      "flex": 1,
    }
  }
>
  <Text>
    Calendar
  </Text>
</View>
`;
