// Jest Snapshot v1, https://goo.gl/fbAQLP

exports[`[TinderCard] render renders without crashing 1`] = `
<View
  style={
    Array [
      Object {
        "height": "100%",
        "width": "100%",
      },
    ]
  }
>
  <View
    style={
      Array [
        Object {
          "alignItems": "center",
          "borderColor": "black",
          "borderWidth": 1,
          "flexBasis": 0,
          "flexGrow": 1,
          "flexShrink": 1,
          "justifyContent": "center",
          "paddingBottom": 10,
          "paddingLeft": 10,
          "paddingRight": 10,
          "paddingTop": 10,
        },
      ]
    }
  >
    <Text>
      No more cards
    </Text>
  </View>
</View>
`;
