// Jest Snapshot v1, https://goo.gl/fbAQLP

exports[`[LineChart] renders should render when custom props given 1`] = `
<View
  pointerEvents="box-none"
  style={
    Object {
      "flex": 1,
    }
  }
>
  <View
    collapsable={true}
    pointerEvents="box-none"
    style={
      Object {
        "flex": 1,
      }
    }
  >
    <View
      style={
        Array [
          Object {
            "alignItems": "center",
            "backgroundColor": "transparent",
            "flexBasis": 0,
            "flexDirection": "column",
            "flexGrow": 1,
            "flexShrink": 1,
            "height": "100%",
            "justifyContent": "center",
            "width": "100%",
          },
        ]
      }
    >
      <View
        style={
          Array [
            Object {
              "flexBasis": 0,
              "flexDirection": "row",
              "flexGrow": 1,
              "flexShrink": 1,
              "height": "100%",
              "width": "100%",
            },
          ]
        }
      >
        <View
          style={
            Array [
              Object {
                "flexBasis": 0,
                "flexDirection": "column",
                "flexGrow": 1,
                "flexShrink": 1,
              },
            ]
          }
        >
          <RNSVGSvgView
            bbHeight={400}
            bbWidth={500}
            focusable={false}
            height={400}
            style={
              Array [
                Object {
                  "backgroundColor": "transparent",
                  "borderWidth": 0,
                },
                Object {
                  "flex": 0,
                  "height": 400,
                  "width": 500,
                },
              ]
            }
            transform="scale(1, -1)"
            transform-origin="center"
            width={500}
          >
            <RNSVGGroup
              matrix={
                Array [
                  1,
                  0,
                  0,
                  -1,
                  0,
                  0,
                ]
              }
            >
              <RNSVGGroup
                matrix={
                  Array [
                    1,
                    0,
                    -0,
                    1,
                    30,
                    30,
                  ]
                }
              >
                <RNSVGLine
                  propList={
                    Array [
                      "stroke",
                      "strokeWidth",
                    ]
                  }
                  stroke={4278190080}
                  strokeWidth={1}
                  x1={25}
                  x2={25}
                  y1={NaN}
                  y2={0}
                />
                <RNSVGLine
                  propList={
                    Array [
                      "stroke",
                      "strokeWidth",
                    ]
                  }
                  stroke={4278190080}
                  strokeWidth={1}
                  x1={15}
                  x2={440}
                  y1={10}
                  y2={10}
                />
                <RNSVGGroup>
                  <RNSVGLine
                    propList={
                      Array [
                        "stroke",
                        "strokeWidth",
                      ]
                    }
                    stroke={4278190080}
                    strokeWidth={1}
                    x1={50}
                    x2={50}
                    y1={10}
                    y2={5}
                  />
                  <RNSVGText
                    content={null}
                    dx={Array []}
                    dy={Array []}
                    fill={4278190080}
                    font={
                      Object {
                        "fontSize": "12",
                        "fontWeight": "bold",
                        "textAnchor": "middle",
                      }
                    }
                    matrix={
                      Array [
                        1,
                        0,
                        0,
                        -1,
                        0,
                        0,
                      ]
                    }
                    propList={
                      Array [
                        "fill",
                        "stroke",
                      ]
                    }
                    rotate={Array []}
                    stroke={null}
                    x={
                      Array [
                        50,
                      ]
                    }
                    y={
                      Array [
                        10,
                      ]
                    }
                  >
                    <RNSVGTSpan
                      content="6일차"
                      dx={Array []}
                      dy={Array []}
                      font={Object {}}
                      rotate={Array []}
                      x={Array []}
                      y={Array []}
                    />
                  </RNSVGText>
                </RNSVGGroup>
                <RNSVGGroup>
                  <RNSVGLine
                    propList={
                      Array [
                        "stroke",
                        "strokeWidth",
                      ]
                    }
                    stroke={4278190080}
                    strokeWidth={1}
                    x1={108.33333333333334}
                    x2={108.33333333333334}
                    y1={10}
                    y2={5}
                  />
                  <RNSVGText
                    content={null}
                    dx={Array []}
                    dy={Array []}
                    fill={4278190080}
                    font={
                      Object {
                        "fontSize": "12",
                        "fontWeight": "bold",
                        "textAnchor": "middle",
                      }
                    }
                    matrix={
                      Array [
                        1,
                        0,
                        0,
                        -1,
                        0,
                        0,
                      ]
                    }
                    propList={
                      Array [
                        "fill",
                        "stroke",
                      ]
                    }
                    rotate={Array []}
                    stroke={null}
                    x={
                      Array [
                        108.33333333333334,
                      ]
                    }
                    y={
                      Array [
                        10,
                      ]
                    }
                  >
                    <RNSVGTSpan
                      content="5일차"
                      dx={Array []}
                      dy={Array []}
                      font={Object {}}
                      rotate={Array []}
                      x={Array []}
                      y={Array []}
                    />
                  </RNSVGText>
                </RNSVGGroup>
                <RNSVGGroup>
                  <RNSVGLine
                    propList={
                      Array [
                        "stroke",
                        "strokeWidth",
                      ]
                    }
                    stroke={4278190080}
                    strokeWidth={1}
                    x1={166.66666666666669}
                    x2={166.66666666666669}
                    y1={10}
                    y2={5}
                  />
                  <RNSVGText
                    content={null}
                    dx={Array []}
                    dy={Array []}
                    fill={4278190080}
                    font={
                      Object {
                        "fontSize": "12",
                        "fontWeight": "bold",
                        "textAnchor": "middle",
                      }
                    }
                    matrix={
                      Array [
                        1,
                        0,
                        0,
                        -1,
                        0,
                        0,
                      ]
                    }
                    propList={
                      Array [
                        "fill",
                        "stroke",
                      ]
                    }
                    rotate={Array []}
                    stroke={null}
                    x={
                      Array [
                        166.66666666666669,
                      ]
                    }
                    y={
                      Array [
                        10,
                      ]
                    }
                  >
                    <RNSVGTSpan
                      content="4일차"
                      dx={Array []}
                      dy={Array []}
                      font={Object {}}
                      rotate={Array []}
                      x={Array []}
                      y={Array []}
                    />
                  </RNSVGText>
                </RNSVGGroup>
                <RNSVGGroup>
                  <RNSVGLine
                    propList={
                      Array [
                        "stroke",
                        "strokeWidth",
                      ]
                    }
                    stroke={4278190080}
                    strokeWidth={1}
                    x1={225}
                    x2={225}
                    y1={10}
                    y2={5}
                  />
                  <RNSVGText
                    content={null}
                    dx={Array []}
                    dy={Array []}
                    fill={4278190080}
                    font={
                      Object {
                        "fontSize": "12",
                        "fontWeight": "bold",
                        "textAnchor": "middle",
                      }
                    }
                    matrix={
                      Array [
                        1,
                        0,
                        0,
                        -1,
                        0,
                        0,
                      ]
                    }
                    propList={
                      Array [
                        "fill",
                        "stroke",
                      ]
                    }
                    rotate={Array []}
                    stroke={null}
                    x={
                      Array [
                        225,
                      ]
                    }
                    y={
                      Array [
                        10,
                      ]
                    }
                  >
                    <RNSVGTSpan
                      content="3일차"
                      dx={Array []}
                      dy={Array []}
                      font={Object {}}
                      rotate={Array []}
                      x={Array []}
                      y={Array []}
                    />
                  </RNSVGText>
                </RNSVGGroup>
                <RNSVGGroup>
                  <RNSVGLine
                    propList={
                      Array [
                        "stroke",
                        "strokeWidth",
                      ]
                    }
                    stroke={4278190080}
                    strokeWidth={1}
                    x1={283.33333333333337}
                    x2={283.33333333333337}
                    y1={10}
                    y2={5}
                  />
                  <RNSVGText
                    content={null}
                    dx={Array []}
                    dy={Array []}
                    fill={4278190080}
                    font={
                      Object {
                        "fontSize": "12",
                        "fontWeight": "bold",
                        "textAnchor": "middle",
                      }
                    }
                    matrix={
                      Array [
                        1,
                        0,
                        0,
                        -1,
                        0,
                        0,
                      ]
                    }
                    propList={
                      Array [
                        "fill",
                        "stroke",
                      ]
                    }
                    rotate={Array []}
                    stroke={null}
                    x={
                      Array [
                        283.33333333333337,
                      ]
                    }
                    y={
                      Array [
                        10,
                      ]
                    }
                  >
                    <RNSVGTSpan
                      content="2일차"
                      dx={Array []}
                      dy={Array []}
                      font={Object {}}
                      rotate={Array []}
                      x={Array []}
                      y={Array []}
                    />
                  </RNSVGText>
                </RNSVGGroup>
                <RNSVGGroup>
                  <RNSVGLine
                    propList={
                      Array [
                        "stroke",
                        "strokeWidth",
                      ]
                    }
                    stroke={4278190080}
                    strokeWidth={1}
                    x1={341.6666666666667}
                    x2={341.6666666666667}
                    y1={10}
                    y2={5}
                  />
                  <RNSVGText
                    content={null}
                    dx={Array []}
                    dy={Array []}
                    fill={4278190080}
                    font={
                      Object {
                        "fontSize": "12",
                        "fontWeight": "bold",
                        "textAnchor": "middle",
                      }
                    }
                    matrix={
                      Array [
                        1,
                        0,
                        0,
                        -1,
                        0,
                        0,
                      ]
                    }
                    propList={
                      Array [
                        "fill",
                        "stroke",
                      ]
                    }
                    rotate={Array []}
                    stroke={null}
                    x={
                      Array [
                        341.6666666666667,
                      ]
                    }
                    y={
                      Array [
                        10,
                      ]
                    }
                  >
                    <RNSVGTSpan
                      content="1일차"
                      dx={Array []}
                      dy={Array []}
                      font={Object {}}
                      rotate={Array []}
                      x={Array []}
                      y={Array []}
                    />
                  </RNSVGText>
                </RNSVGGroup>
                <RNSVGGroup>
                  <RNSVGLine
                    propList={
                      Array [
                        "stroke",
                        "strokeWidth",
                      ]
                    }
                    stroke={4278190080}
                    strokeWidth={1}
                    x1={400}
                    x2={400}
                    y1={10}
                    y2={5}
                  />
                  <RNSVGText
                    content={null}
                    dx={Array []}
                    dy={Array []}
                    fill={4278190080}
                    font={
                      Object {
                        "fontSize": "12",
                        "fontWeight": "bold",
                        "textAnchor": "middle",
                      }
                    }
                    matrix={
                      Array [
                        1,
                        0,
                        0,
                        -1,
                        0,
                        0,
                      ]
                    }
                    propList={
                      Array [
                        "fill",
                        "stroke",
                      ]
                    }
                    rotate={Array []}
                    stroke={null}
                    x={
                      Array [
                        400,
                      ]
                    }
                    y={
                      Array [
                        10,
                      ]
                    }
                  >
                    <RNSVGTSpan
                      content="금일"
                      dx={Array []}
                      dy={Array []}
                      font={Object {}}
                      rotate={Array []}
                      x={Array []}
                      y={Array []}
                    />
                  </RNSVGText>
                </RNSVGGroup>
                <RNSVGGroup>
                  <RNSVGLine
                    propList={
                      Array [
                        "stroke",
                        "strokeWidth",
                      ]
                    }
                    stroke={4278190080}
                    strokeWidth={2}
                    x1={50}
                    x2={108.33333333333334}
                    y1={NaN}
                    y2={NaN}
                  />
                  <RNSVGText
                    content={null}
                    dx={Array []}
                    dy={Array []}
                    fill={4278190080}
                    font={
                      Object {
                        "fontSize": "12",
                        "fontWeight": "bold",
                        "textAnchor": "middle",
                      }
                    }
                    matrix={
                      Array [
                        1,
                        0,
                        0,
                        -1,
                        0,
                        0,
                      ]
                    }
                    propList={
                      Array [
                        "fill",
                        "stroke",
                      ]
                    }
                    rotate={Array []}
                    stroke={null}
                    x={
                      Array [
                        50,
                      ]
                    }
                    y={
                      Array [
                        NaN,
                      ]
                    }
                  >
                    <RNSVGTSpan
                      content="06-30"
                      dx={Array []}
                      dy={Array []}
                      font={Object {}}
                      rotate={Array []}
                      x={Array []}
                      y={Array []}
                    />
                  </RNSVGText>
                  <RNSVGCircle
                    cx={50}
                    cy={NaN}
                    fill={4294967295}
                    propList={
                      Array [
                        "fill",
                        "stroke",
                        "strokeWidth",
                      ]
                    }
                    r="4"
                    stroke={4278190080}
                    strokeWidth={2}
                  />
                </RNSVGGroup>
                <RNSVGGroup>
                  <RNSVGLine
                    propList={
                      Array [
                        "stroke",
                        "strokeWidth",
                      ]
                    }
                    stroke={4278190080}
                    strokeWidth={2}
                    x1={108.33333333333334}
                    x2={166.66666666666669}
                    y1={NaN}
                    y2={NaN}
                  />
                  <RNSVGText
                    content={null}
                    dx={Array []}
                    dy={Array []}
                    fill={4278190080}
                    font={
                      Object {
                        "fontSize": "12",
                        "fontWeight": "bold",
                        "textAnchor": "middle",
                      }
                    }
                    matrix={
                      Array [
                        1,
                        0,
                        0,
                        -1,
                        0,
                        0,
                      ]
                    }
                    propList={
                      Array [
                        "fill",
                        "stroke",
                      ]
                    }
                    rotate={Array []}
                    stroke={null}
                    x={
                      Array [
                        108.33333333333334,
                      ]
                    }
                    y={
                      Array [
                        NaN,
                      ]
                    }
                  >
                    <RNSVGTSpan
                      content="06-29"
                      dx={Array []}
                      dy={Array []}
                      font={Object {}}
                      rotate={Array []}
                      x={Array []}
                      y={Array []}
                    />
                  </RNSVGText>
                  <RNSVGCircle
                    cx={108.33333333333334}
                    cy={NaN}
                    fill={4294967295}
                    propList={
                      Array [
                        "fill",
                        "stroke",
                        "strokeWidth",
                      ]
                    }
                    r="4"
                    stroke={4278190080}
                    strokeWidth={2}
                  />
                </RNSVGGroup>
                <RNSVGGroup>
                  <RNSVGLine
                    propList={
                      Array [
                        "stroke",
                        "strokeWidth",
                      ]
                    }
                    stroke={4278190080}
                    strokeWidth={2}
                    x1={166.66666666666669}
                    x2={225}
                    y1={NaN}
                    y2={NaN}
                  />
                  <RNSVGText
                    content={null}
                    dx={Array []}
                    dy={Array []}
                    fill={4278190080}
                    font={
                      Object {
                        "fontSize": "12",
                        "fontWeight": "bold",
                        "textAnchor": "middle",
                      }
                    }
                    matrix={
                      Array [
                        1,
                        0,
                        0,
                        -1,
                        0,
                        0,
                      ]
                    }
                    propList={
                      Array [
                        "fill",
                        "stroke",
                      ]
                    }
                    rotate={Array []}
                    stroke={null}
                    x={
                      Array [
                        166.66666666666669,
                      ]
                    }
                    y={
                      Array [
                        NaN,
                      ]
                    }
                  >
                    <RNSVGTSpan
                      content="06-28"
                      dx={Array []}
                      dy={Array []}
                      font={Object {}}
                      rotate={Array []}
                      x={Array []}
                      y={Array []}
                    />
                  </RNSVGText>
                  <RNSVGCircle
                    cx={166.66666666666669}
                    cy={NaN}
                    fill={4294967295}
                    propList={
                      Array [
                        "fill",
                        "stroke",
                        "strokeWidth",
                      ]
                    }
                    r="4"
                    stroke={4278190080}
                    strokeWidth={2}
                  />
                </RNSVGGroup>
                <RNSVGGroup>
                  <RNSVGLine
                    propList={
                      Array [
                        "stroke",
                        "strokeWidth",
                      ]
                    }
                    stroke={4278190080}
                    strokeWidth={2}
                    x1={225}
                    x2={283.33333333333337}
                    y1={NaN}
                    y2={NaN}
                  />
                  <RNSVGText
                    content={null}
                    dx={Array []}
                    dy={Array []}
                    fill={4278190080}
                    font={
                      Object {
                        "fontSize": "12",
                        "fontWeight": "bold",
                        "textAnchor": "middle",
                      }
                    }
                    matrix={
                      Array [
                        1,
                        0,
                        0,
                        -1,
                        0,
                        0,
                      ]
                    }
                    propList={
                      Array [
                        "fill",
                        "stroke",
                      ]
                    }
                    rotate={Array []}
                    stroke={null}
                    x={
                      Array [
                        225,
                      ]
                    }
                    y={
                      Array [
                        NaN,
                      ]
                    }
                  >
                    <RNSVGTSpan
                      content="06-27"
                      dx={Array []}
                      dy={Array []}
                      font={Object {}}
                      rotate={Array []}
                      x={Array []}
                      y={Array []}
                    />
                  </RNSVGText>
                  <RNSVGCircle
                    cx={225}
                    cy={NaN}
                    fill={4294967295}
                    propList={
                      Array [
                        "fill",
                        "stroke",
                        "strokeWidth",
                      ]
                    }
                    r="4"
                    stroke={4278190080}
                    strokeWidth={2}
                  />
                </RNSVGGroup>
                <RNSVGGroup>
                  <RNSVGLine
                    propList={
                      Array [
                        "stroke",
                        "strokeWidth",
                      ]
                    }
                    stroke={4278190080}
                    strokeWidth={2}
                    x1={283.33333333333337}
                    x2={341.6666666666667}
                    y1={NaN}
                    y2={NaN}
                  />
                  <RNSVGText
                    content={null}
                    dx={Array []}
                    dy={Array []}
                    fill={4278190080}
                    font={
                      Object {
                        "fontSize": "12",
                        "fontWeight": "bold",
                        "textAnchor": "middle",
                      }
                    }
                    matrix={
                      Array [
                        1,
                        0,
                        0,
                        -1,
                        0,
                        0,
                      ]
                    }
                    propList={
                      Array [
                        "fill",
                        "stroke",
                      ]
                    }
                    rotate={Array []}
                    stroke={null}
                    x={
                      Array [
                        283.33333333333337,
                      ]
                    }
                    y={
                      Array [
                        NaN,
                      ]
                    }
                  >
                    <RNSVGTSpan
                      content="06-26"
                      dx={Array []}
                      dy={Array []}
                      font={Object {}}
                      rotate={Array []}
                      x={Array []}
                      y={Array []}
                    />
                  </RNSVGText>
                  <RNSVGCircle
                    cx={283.33333333333337}
                    cy={NaN}
                    fill={4294967295}
                    propList={
                      Array [
                        "fill",
                        "stroke",
                        "strokeWidth",
                      ]
                    }
                    r="4"
                    stroke={4278190080}
                    strokeWidth={2}
                  />
                </RNSVGGroup>
                <RNSVGGroup>
                  <RNSVGLine
                    propList={
                      Array [
                        "stroke",
                        "strokeWidth",
                      ]
                    }
                    stroke={4278190080}
                    strokeWidth={2}
                    x1={341.6666666666667}
                    x2={400}
                    y1={NaN}
                    y2={NaN}
                  />
                  <RNSVGText
                    content={null}
                    dx={Array []}
                    dy={Array []}
                    fill={4278190080}
                    font={
                      Object {
                        "fontSize": "12",
                        "fontWeight": "bold",
                        "textAnchor": "middle",
                      }
                    }
                    matrix={
                      Array [
                        1,
                        0,
                        0,
                        -1,
                        0,
                        0,
                      ]
                    }
                    propList={
                      Array [
                        "fill",
                        "stroke",
                      ]
                    }
                    rotate={Array []}
                    stroke={null}
                    x={
                      Array [
                        341.6666666666667,
                      ]
                    }
                    y={
                      Array [
                        NaN,
                      ]
                    }
                  >
                    <RNSVGTSpan
                      content="06-25"
                      dx={Array []}
                      dy={Array []}
                      font={Object {}}
                      rotate={Array []}
                      x={Array []}
                      y={Array []}
                    />
                  </RNSVGText>
                  <RNSVGCircle
                    cx={341.6666666666667}
                    cy={NaN}
                    fill={4294967295}
                    propList={
                      Array [
                        "fill",
                        "stroke",
                        "strokeWidth",
                      ]
                    }
                    r="4"
                    stroke={4278190080}
                    strokeWidth={2}
                  />
                </RNSVGGroup>
                <RNSVGGroup>
                  <RNSVGLine
                    propList={
                      Array [
                        "stroke",
                        "strokeWidth",
                      ]
                    }
                    stroke={4278190080}
                    strokeWidth={2}
                    x1={400}
                    x2={400}
                    y1={NaN}
                    y2={NaN}
                  />
                  <RNSVGText
                    content={null}
                    dx={Array []}
                    dy={Array []}
                    fill={4278190080}
                    font={
                      Object {
                        "fontSize": "12",
                        "fontWeight": "bold",
                        "textAnchor": "middle",
                      }
                    }
                    matrix={
                      Array [
                        1,
                        0,
                        0,
                        -1,
                        0,
                        0,
                      ]
                    }
                    propList={
                      Array [
                        "fill",
                        "stroke",
                      ]
                    }
                    rotate={Array []}
                    stroke={null}
                    x={
                      Array [
                        400,
                      ]
                    }
                    y={
                      Array [
                        NaN,
                      ]
                    }
                  >
                    <RNSVGTSpan
                      content="06-24"
                      dx={Array []}
                      dy={Array []}
                      font={Object {}}
                      rotate={Array []}
                      x={Array []}
                      y={Array []}
                    />
                  </RNSVGText>
                  <RNSVGCircle
                    cx={400}
                    cy={NaN}
                    fill={4294967295}
                    propList={
                      Array [
                        "fill",
                        "stroke",
                        "strokeWidth",
                      ]
                    }
                    r="4"
                    stroke={4278190080}
                    strokeWidth={2}
                  />
                </RNSVGGroup>
              </RNSVGGroup>
            </RNSVGGroup>
          </RNSVGSvgView>
        </View>
      </View>
    </View>
  </View>
</View>
`;
